[assembly: System.Runtime.CompilerServices.InternalsVisibleTo("Tests")]
[assembly: System.Runtime.Versioning.SupportedOSPlatform("Windows7.0")]
[assembly: System.Runtime.Versioning.TargetPlatform("Windows7.0")]
